******************************************************************************
                  TI ARM Linker PC v20.2.7                     
******************************************************************************
>> Linked Wed May 15 17:35:11 2024

OUTPUT FILE NAME:   <ProyectoUno_SEmb.out>
ENTRY POINT SYMBOL: "_c_int00_noargs"  address: 00001abd


MEMORY CONFIGURATION

         name            origin    length      used     unused   attr    fill
----------------------  --------  ---------  --------  --------  ----  --------
  FLASH                 00000000   00100000  00001b2a  000fe4d6  R  X
  SRAM                  20000000   00040000  00000204  0003fdfc  RW X


SEGMENT ALLOCATION MAP

run origin  load origin   length   init length attrs members
----------  ----------- ---------- ----------- ----- -------
00000000    00000000    00001b30   00001b30    r-x
  00000000    00000000    00000208   00000208    r-- .intvecs
  00000208    00000208    0000190a   0000190a    r-x .text
  00001b18    00001b18    00000018   00000018    r-- .cinit
20000000    20000000    00000204   00000000    rw-
  20000000    20000000    00000200   00000000    rw- .stack
  20000200    20000200    00000004   00000000    rw- .data


SECTION ALLOCATION MAP

 output                                  attributes/
section   page    origin      length       input sections
--------  ----  ----------  ----------   ----------------
.intvecs   0    00000000    00000208     
                  00000000    00000208     tm4c1294ncpdt_startup_ccs.obj (.intvecs)

.text      0    00000208    0000190a     
                  00000208    00000bbc     GPIO.obj (.text)
                  00000dc4    000009c0     UART.obj (.text)
                  00001784    00000148     main.obj (.text)
                  000018cc    000000a8     NVIC.obj (.text)
                  00001974    0000009c     rtsv7M4_T_le_v4SPD16_eabi.lib : memcpy_t2.asm.obj (.text)
                  00001a10    00000068                                   : copy_decompress_lzss.c.obj (.text:decompress:lzss:__TI_decompress_lzss)
                  00001a78    00000044                                   : autoinit.c.obj (.text:__TI_auto_init_nobinit_nopinit:__TI_auto_init_nobinit_nopinit)
                  00001abc    00000034                                   : boot_cortex_m.c.obj (.text:_c_int00_noargs:_c_int00_noargs)
                  00001af0    0000000e                                   : copy_decompress_none.c.obj (.text:decompress:none:__TI_decompress_none)
                  00001afe    0000000c     tm4c1294ncpdt_startup_ccs.obj (.text)
                  00001b0a    00000004     rtsv7M4_T_le_v4SPD16_eabi.lib : pre_init.c.obj (.text:_system_pre_init)
                  00001b0e    00000004                                   : exit.c.obj (.text:abort:abort)

.cinit     0    00001b18    00000018     
                  00001b18    00000008     (__TI_handler_table)
                  00001b20    00000007     (.cinit..data.load) [load image, compression = lzss]
                  00001b27    00000001     --HOLE-- [fill = 0]
                  00001b28    00000008     (__TI_cinit_table)

.init_array 
*          0    00000000    00000000     UNINITIALIZED

.data      0    20000200    00000004     UNINITIALIZED
                  20000200    00000004     main.obj (.data)

.stack     0    20000000    00000200     UNINITIALIZED
                  20000000    00000004     rtsv7M4_T_le_v4SPD16_eabi.lib : boot_cortex_m.c.obj (.stack)
                  20000004    000001fc     --HOLE--

__llvm_prf_cnts 
*          0    20000000    00000000     UNINITIALIZED

MODULE SUMMARY

       Module                          code   ro data   rw data
       ------                          ----   -------   -------
    .\
       tm4c1294ncpdt_startup_ccs.obj   12     520       0      
    +--+-------------------------------+------+---------+---------+
       Total:                          12     520       0      
                                                               
    .\src\
       GPIO.obj                        3004   0         0      
       UART.obj                        2496   0         0      
       main.obj                        328    0         4      
       NVIC.obj                        168    0         0      
    +--+-------------------------------+------+---------+---------+
       Total:                          5996   0         4      
                                                               
    C:\ti\ccs1220\ccs\tools\compiler\ti-cgt-arm_20.2.7.LTS\lib\rtsv7M4_T_le_v4SPD16_eabi.lib
       memcpy_t2.asm.obj               156    0         0      
       copy_decompress_lzss.c.obj      104    0         0      
       autoinit.c.obj                  68     0         0      
       boot_cortex_m.c.obj             52     0         0      
       copy_decompress_none.c.obj      14     0         0      
       exit.c.obj                      4      0         0      
       pre_init.c.obj                  4      0         0      
    +--+-------------------------------+------+---------+---------+
       Total:                          402    0         0      
                                                               
       Stack:                          0      0         512    
       Linker Generated:               0      23        0      
    +--+-------------------------------+------+---------+---------+
       Grand Total:                    6410   543       516    


LINKER GENERATED COPY TABLES

__TI_cinit_table @ 00001b28 records: 1, size/record: 8, table size: 8
	.data: load addr=00001b20, load size=00000007 bytes, run addr=20000200, run size=00000004 bytes, compression=lzss


LINKER GENERATED HANDLER TABLE

__TI_handler_table @ 00001b18 records: 2, size/record: 4, table size: 8
	index: 0, handler: __TI_decompress_lzss
	index: 1, handler: __TI_decompress_none


GLOBAL SYMBOLS: SORTED ALPHABETICALLY BY Name 

address   name                          
-------   ----                          
00001b0f  C$$EXIT                       
00000229  GPIO_Conf                     
00000209  GPIO_Init                     
00000d1d  LED_Off                       
00000cb5  LED_On                        
000018cd  NVIC_Act                      
00001aff  ResetISR                      
00001785  UART4_Interrup                
00000ded  UART_Baud_Rate_Frac           
00001029  UART_Conf_Line                
00000dc5  UART_Init                     
00001349  UART_Interrup                 
00000de1  UART_Monitoreo                
00000e0b  UART_Set_Baud_Rate            
20000200  __STACK_END                   
00000200  __STACK_SIZE                  
20000200  __STACK_TOP                   
00001b28  __TI_CINIT_Base               
00001b30  __TI_CINIT_Limit              
00001b18  __TI_Handler_Table_Base       
00001b20  __TI_Handler_Table_Limit      
00001a79  __TI_auto_init_nobinit_nopinit
00001a11  __TI_decompress_lzss          
00001af1  __TI_decompress_none          
ffffffff  __TI_pprof_out_hndl           
ffffffff  __TI_prof_data_size           
ffffffff  __TI_prof_data_start          
00000000  __TI_static_base__            
00001975  __aeabi_memcpy                
00001975  __aeabi_memcpy4               
00001975  __aeabi_memcpy8               
ffffffff  __binit__                     
ffffffff  __c_args__                    
UNDEFED   __mpu_init                    
20000000  __stack                       
20000000  __start___llvm_prf_cnts       
20000000  __stop___llvm_prf_cnts        
00001abd  _c_int00_noargs               
UNDEFED   _system_post_cinit            
00001b0b  _system_pre_init              
00001b0f  abort                         
ffffffff  binit                         
00000000  g_pfnVectors                  
000017bf  main                          
00001975  memcpy                        
20000200  x                             


GLOBAL SYMBOLS: SORTED BY Symbol Address 

address   name                          
-------   ----                          
00000000  __TI_static_base__            
00000000  g_pfnVectors                  
00000200  __STACK_SIZE                  
00000209  GPIO_Init                     
00000229  GPIO_Conf                     
00000cb5  LED_On                        
00000d1d  LED_Off                       
00000dc5  UART_Init                     
00000de1  UART_Monitoreo                
00000ded  UART_Baud_Rate_Frac           
00000e0b  UART_Set_Baud_Rate            
00001029  UART_Conf_Line                
00001349  UART_Interrup                 
00001785  UART4_Interrup                
000017bf  main                          
000018cd  NVIC_Act                      
00001975  __aeabi_memcpy                
00001975  __aeabi_memcpy4               
00001975  __aeabi_memcpy8               
00001975  memcpy                        
00001a11  __TI_decompress_lzss          
00001a79  __TI_auto_init_nobinit_nopinit
00001abd  _c_int00_noargs               
00001af1  __TI_decompress_none          
00001aff  ResetISR                      
00001b0b  _system_pre_init              
00001b0f  C$$EXIT                       
00001b0f  abort                         
00001b18  __TI_Handler_Table_Base       
00001b20  __TI_Handler_Table_Limit      
00001b28  __TI_CINIT_Base               
00001b30  __TI_CINIT_Limit              
20000000  __stack                       
20000000  __start___llvm_prf_cnts       
20000000  __stop___llvm_prf_cnts        
20000200  __STACK_END                   
20000200  __STACK_TOP                   
20000200  x                             
ffffffff  __TI_pprof_out_hndl           
ffffffff  __TI_prof_data_size           
ffffffff  __TI_prof_data_start          
ffffffff  __binit__                     
ffffffff  __c_args__                    
ffffffff  binit                         
UNDEFED   __mpu_init                    
UNDEFED   _system_post_cinit            

[46 symbols]
