******************************************************************************
                  TI ARM Linker PC v20.2.7                     
******************************************************************************
>> Linked Tue Feb 20 00:27:36 2024

OUTPUT FILE NAME:   <ProyectoUno_SEmb.out>
ENTRY POINT SYMBOL: "_c_int00_noargs"  address: 00001f79


MEMORY CONFIGURATION

         name            origin    length      used     unused   attr    fill
----------------------  --------  ---------  --------  --------  ----  --------
  FLASH                 00000000   00100000  00001fe6  000fe01a  R  X
  SRAM                  20000000   00040000  00000201  0003fdff  RW X


SEGMENT ALLOCATION MAP

run origin  load origin   length   init length attrs members
----------  ----------- ---------- ----------- ----- -------
00000000    00000000    00001fe8   00001fe8    r-x
  00000000    00000000    00000208   00000208    r-- .intvecs
  00000208    00000208    00001dc6   00001dc6    r-x .text
  00001fd0    00001fd0    00000018   00000018    r-- .cinit
20000000    20000000    00000201   00000000    rw-
  20000000    20000000    00000200   00000000    rw- .stack
  20000200    20000200    00000001   00000000    rw- .data


SECTION ALLOCATION MAP

 output                                  attributes/
section   page    origin      length       input sections
--------  ----  ----------  ----------   ----------------
.intvecs   0    00000000    00000208     
                  00000000    00000208     tm4c1294ncpdt_startup_ccs.obj (.intvecs)

.text      0    00000208    00001dc6     
                  00000208    00000bbc     GPIO.obj (.text)
                  00000dc4    00000a9c     TIMER.obj (.text)
                  00001860    000003bc     SSI.obj (.text)
                  00001c1c    0000016c     main.obj (.text)
                  00001d88    000000a8     NVIC.obj (.text)
                  00001e30    0000009c     rtsv7M4_T_le_v4SPD16_eabi.lib : memcpy_t2.asm.obj (.text)
                  00001ecc    00000068                                   : copy_decompress_lzss.c.obj (.text:decompress:lzss:__TI_decompress_lzss)
                  00001f34    00000044                                   : autoinit.c.obj (.text:__TI_auto_init_nobinit_nopinit:__TI_auto_init_nobinit_nopinit)
                  00001f78    00000034                                   : boot_cortex_m.c.obj (.text:_c_int00_noargs:_c_int00_noargs)
                  00001fac    0000000e                                   : copy_decompress_none.c.obj (.text:decompress:none:__TI_decompress_none)
                  00001fba    0000000c     tm4c1294ncpdt_startup_ccs.obj (.text)
                  00001fc6    00000004     rtsv7M4_T_le_v4SPD16_eabi.lib : pre_init.c.obj (.text:_system_pre_init)
                  00001fca    00000004                                   : exit.c.obj (.text:abort:abort)

.cinit     0    00001fd0    00000018     
                  00001fd0    00000008     (__TI_handler_table)
                  00001fd8    00000005     (.cinit..data.load) [load image, compression = lzss]
                  00001fdd    00000003     --HOLE-- [fill = 0]
                  00001fe0    00000008     (__TI_cinit_table)

.init_array 
*          0    00000000    00000000     UNINITIALIZED

.data      0    20000200    00000001     UNINITIALIZED
                  20000200    00000001     main.obj (.data)

.stack     0    20000000    00000200     UNINITIALIZED
                  20000000    00000004     rtsv7M4_T_le_v4SPD16_eabi.lib : boot_cortex_m.c.obj (.stack)
                  20000004    000001fc     --HOLE--

__llvm_prf_cnts 
*          0    20000000    00000000     UNINITIALIZED

MODULE SUMMARY

       Module                          code   ro data   rw data
       ------                          ----   -------   -------
    .\
       tm4c1294ncpdt_startup_ccs.obj   12     520       0      
    +--+-------------------------------+------+---------+---------+
       Total:                          12     520       0      
                                                               
    .\src\
       GPIO.obj                        3004   0         0      
       TIMER.obj                       2716   0         0      
       SSI.obj                         956    0         0      
       main.obj                        364    0         1      
       NVIC.obj                        168    0         0      
    +--+-------------------------------+------+---------+---------+
       Total:                          7208   0         1      
                                                               
    C:\ti\ccs1220\ccs\tools\compiler\ti-cgt-arm_20.2.7.LTS\lib\rtsv7M4_T_le_v4SPD16_eabi.lib
       memcpy_t2.asm.obj               156    0         0      
       copy_decompress_lzss.c.obj      104    0         0      
       autoinit.c.obj                  68     0         0      
       boot_cortex_m.c.obj             52     0         0      
       copy_decompress_none.c.obj      14     0         0      
       exit.c.obj                      4      0         0      
       pre_init.c.obj                  4      0         0      
    +--+-------------------------------+------+---------+---------+
       Total:                          402    0         0      
                                                               
       Stack:                          0      0         512    
       Linker Generated:               0      21        0      
    +--+-------------------------------+------+---------+---------+
       Grand Total:                    7622   541       513    


LINKER GENERATED COPY TABLES

__TI_cinit_table @ 00001fe0 records: 1, size/record: 8, table size: 8
	.data: load addr=00001fd8, load size=00000005 bytes, run addr=20000200, run size=00000001 bytes, compression=lzss


LINKER GENERATED HANDLER TABLE

__TI_handler_table @ 00001fd0 records: 2, size/record: 4, table size: 8
	index: 0, handler: __TI_decompress_lzss
	index: 1, handler: __TI_decompress_none


GLOBAL SYMBOLS: SORTED ALPHABETICALLY BY Name 

address   name                          
-------   ----                          
00001fcb  C$$EXIT                       
00000229  GPIO_Conf                     
00000209  GPIO_Init                     
00000d1d  LED_Off                       
00000cb5  LED_On                        
00001d89  NVIC_Act                      
00001fbb  ResetISR                      
00001c5f  SSI0_Inte                     
00001c1d  SSI0_sendData                 
0000187d  SSI_Conf                      
00001861  SSI_Init                      
00001b29  SSI_interrup_Conf             
00000de5  TIMER_Conf                    
00000dc5  TIMER_Init                    
00001c45  TIMER_Inte                    
000015cd  TIMER_Interrup_Conf           
20000200  __STACK_END                   
00000200  __STACK_SIZE                  
20000200  __STACK_TOP                   
00001fe0  __TI_CINIT_Base               
00001fe8  __TI_CINIT_Limit              
00001fd0  __TI_Handler_Table_Base       
00001fd8  __TI_Handler_Table_Limit      
00001f35  __TI_auto_init_nobinit_nopinit
00001ecd  __TI_decompress_lzss          
00001fad  __TI_decompress_none          
ffffffff  __TI_pprof_out_hndl           
ffffffff  __TI_prof_data_size           
ffffffff  __TI_prof_data_start          
00000000  __TI_static_base__            
00001e31  __aeabi_memcpy                
00001e31  __aeabi_memcpy4               
00001e31  __aeabi_memcpy8               
ffffffff  __binit__                     
ffffffff  __c_args__                    
UNDEFED   __mpu_init                    
20000000  __stack                       
20000000  __start___llvm_prf_cnts       
20000000  __stop___llvm_prf_cnts        
00001f79  _c_int00_noargs               
UNDEFED   _system_post_cinit            
00001fc7  _system_pre_init              
00001fcb  abort                         
ffffffff  binit                         
00000000  g_pfnVectors                  
00001c75  main                          
00001e31  memcpy                        
00001c31  pot_setVal                    
20000200  x                             


GLOBAL SYMBOLS: SORTED BY Symbol Address 

address   name                          
-------   ----                          
00000000  __TI_static_base__            
00000000  g_pfnVectors                  
00000200  __STACK_SIZE                  
00000209  GPIO_Init                     
00000229  GPIO_Conf                     
00000cb5  LED_On                        
00000d1d  LED_Off                       
00000dc5  TIMER_Init                    
00000de5  TIMER_Conf                    
000015cd  TIMER_Interrup_Conf           
00001861  SSI_Init                      
0000187d  SSI_Conf                      
00001b29  SSI_interrup_Conf             
00001c1d  SSI0_sendData                 
00001c31  pot_setVal                    
00001c45  TIMER_Inte                    
00001c5f  SSI0_Inte                     
00001c75  main                          
00001d89  NVIC_Act                      
00001e31  __aeabi_memcpy                
00001e31  __aeabi_memcpy4               
00001e31  __aeabi_memcpy8               
00001e31  memcpy                        
00001ecd  __TI_decompress_lzss          
00001f35  __TI_auto_init_nobinit_nopinit
00001f79  _c_int00_noargs               
00001fad  __TI_decompress_none          
00001fbb  ResetISR                      
00001fc7  _system_pre_init              
00001fcb  C$$EXIT                       
00001fcb  abort                         
00001fd0  __TI_Handler_Table_Base       
00001fd8  __TI_Handler_Table_Limit      
00001fe0  __TI_CINIT_Base               
00001fe8  __TI_CINIT_Limit              
20000000  __stack                       
20000000  __start___llvm_prf_cnts       
20000000  __stop___llvm_prf_cnts        
20000200  __STACK_END                   
20000200  __STACK_TOP                   
20000200  x                             
ffffffff  __TI_pprof_out_hndl           
ffffffff  __TI_prof_data_size           
ffffffff  __TI_prof_data_start          
ffffffff  __binit__                     
ffffffff  __c_args__                    
ffffffff  binit                         
UNDEFED   __mpu_init                    
UNDEFED   _system_post_cinit            

[49 symbols]
